// Jest Snapshot v1, https://goo.gl/fbAQLP

exports[`<Countdown /> should render default 1`] = `
<div>
  <div
    class="dora-countdown"
  >
    <span
      class="dora-countdown-time-block"
    >
      <span
        class="dora-countdown-time"
      >
        <span
          class="dora-countdown-num"
        >
          2
        </span>
      </span>
      <span
        class="dora-countdown-unit"
      >
        天
      </span>
    </span>
    <span
      class="dora-countdown-time-block"
    >
      <span
        class="dora-countdown-time"
      >
        <span
          class="dora-countdown-num"
        >
          2
        </span>
        <span
          class="dora-countdown-num"
        >
          3
        </span>
      </span>
      <span
        class="dora-countdown-unit"
      >
        时
      </span>
    </span>
    <span
      class="dora-countdown-time-block"
    >
      <span
        class="dora-countdown-time"
      >
        <span
          class="dora-countdown-num"
        >
          5
        </span>
        <span
          class="dora-countdown-num"
        >
          9
        </span>
      </span>
      <span
        class="dora-countdown-unit"
      >
        分
      </span>
    </span>
    <span
      class="dora-countdown-time-block"
    >
      <span
        class="dora-countdown-time"
      >
        <span
          class="dora-countdown-num"
        >
          5
        </span>
        <span
          class="dora-countdown-num"
        >
          9
        </span>
      </span>
      <span
        class="dora-countdown-unit"
      >
        秒
      </span>
    </span>
  </div>
</div>
`;
